[2026-08-16 15:43:32] local.ERROR: SQLSTATE[01000]: Warning: 1265 Data truncated for column 'type' at row 1 (Connection: mysql, SQL: insert into `animal_categories` (`name`, `sector_id`, `type`, `updated_at`, `created_at`) values (Small Plantation, 1, plant, 2026-08-16 15:43:32, 2026-08-16 15:43:32)) {"exception":"[object] (Illuminate\\Database\\QueryException(code: 01000): SQLSTATE[01000]: Warning: 1265 Data truncated for column 'type' at row 1 (Connection: mysql, SQL: insert into `animal_categories` (`name`, `sector_id`, `type`, `updated_at`, `created_at`) values (Small Plantation, 1, plant, 2026-08-16 15:43:32, 2026-08-16 15:43:32)) at /home/yamojr/devyamo/EE360/backend/vendor/laravel/framework/src/Illuminate/Database/Connection.php:825)
[stacktrace]
#0 /home/yamojr/devyamo/EE360/backend/vendor/laravel/framework/src/Illuminate/Database/Connection.php(779): Illuminate\\Database\\Connection->runQueryCallback()
#1 /home/yamojr/devyamo/EE360/backend/vendor/laravel/framework/src/Illuminate/Database/MySqlConnection.php(42): Illuminate\\Database\\Connection->run()
#2 /home/yamojr/devyamo/EE360/backend/vendor/laravel/framework/src/Illuminate/Database/Query/Processors/MySqlProcessor.php(35): Illuminate\\Database\\MySqlConnection->insert()
#3 /home/yamojr/devyamo/EE360/backend/vendor/laravel/framework/src/Illuminate/Database/Query/Builder.php(3766): Illuminate\\Database\\Query\\Processors\\MySqlProcessor->processInsertGetId()
#4 /home/yamojr/devyamo/EE360/backend/vendor/laravel/framework/src/Illuminate/Database/Eloquent/Builder.php(2120): Illuminate\\Database\\Query\\Builder->insertGetId()
#5 /home/yamojr/devyamo/EE360/backend/vendor/laravel/framework/src/Illuminate/Database/Eloquent/Model.php(1359): Illuminate\\Database\\Eloquent\\Builder->__call()
#6 /home/yamojr/devyamo/EE360/backend/vendor/laravel/framework/src/Illuminate/Database/Eloquent/Model.php(1324): Illuminate\\Database\\Eloquent\\Model->insertAndSetId()
#7 /home/yamojr/devyamo/EE360/backend/vendor/laravel/framework/src/Illuminate/Database/Eloquent/Model.php(1163): Illuminate\\Database\\Eloquent\\Model->performInsert()
#8 /home/yamojr/devyamo/EE360/backend/vendor/laravel/framework/src/Illuminate/Database/Eloquent/Builder.php(1128): Illuminate\\Database\\Eloquent\\Model->save()
#9 /home/yamojr/devyamo/EE360/backend/vendor/laravel/framework/src/Illuminate/Support/helpers.php(399): Illuminate\\Database\\Eloquent\\Builder->{closure:Illuminate\\Database\\Eloquent\\Builder::create():1127}()
#10 /home/yamojr/devyamo/EE360/backend/vendor/laravel/framework/src/Illuminate/Database/Eloquent/Builder.php(1127): tap()
#11 /home/yamojr/devyamo/EE360/backend/vendor/laravel/framework/src/Illuminate/Database/Eloquent/Builder.php(634): Illuminate\\Database\\Eloquent\\Builder->create()
#12 /home/yamojr/devyamo/EE360/backend/vendor/laravel/framework/src/Illuminate/Database/Eloquent/Builder.php(1864): Illuminate\\Database\\Eloquent\\Builder->{closure:Illuminate\\Database\\Eloquent\\Builder::createOrFirst():634}()
#13 /home/yamojr/devyamo/EE360/backend/vendor/laravel/framework/src/Illuminate/Database/Eloquent/Builder.php(634): Illuminate\\Database\\Eloquent\\Builder->withSavepointIfNeeded()
#14 /home/yamojr/devyamo/EE360/backend/vendor/laravel/framework/src/Illuminate/Database/Eloquent/Builder.php(621): Illuminate\\Database\\Eloquent\\Builder->createOrFirst()
#15 /home/yamojr/devyamo/EE360/backend/vendor/laravel/framework/src/Illuminate/Support/Traits/ForwardsCalls.php(23): Illuminate\\Database\\Eloquent\\Builder->firstOrCreate()
#16 /home/yamojr/devyamo/EE360/backend/vendor/laravel/framework/src/Illuminate/Database/Eloquent/Model.php(2372): Illuminate\\Database\\Eloquent\\Model->forwardCallTo()
#17 /home/yamojr/devyamo/EE360/backend/vendor/laravel/framework/src/Illuminate/Database/Eloquent/Model.php(2384): Illuminate\\Database\\Eloquent\\Model->__call()
#18 /home/yamojr/devyamo/EE360/backend/database/seeders/AnimalCategoriesTableSeeder.php(29): Illuminate\\Database\\Eloquent\\Model::__callStatic()
#19 /home/yamojr/devyamo/EE360/backend/vendor/laravel/framework/src/Illuminate/Container/BoundMethod.php(36): Database\\Seeders\\AnimalCategoriesTableSeeder->run()
#20 /home/yamojr/devyamo/EE360/backend/vendor/laravel/framework/src/Illuminate/Container/Util.php(43): Illuminate\\Container\\BoundMethod::{closure:Illuminate\\Container\\BoundMethod::call():35}()
#21 /home/yamojr/devyamo/EE360/backend/vendor/laravel/framework/src/Illuminate/Container/BoundMethod.php(95): Illuminate\\Container\\Util::unwrapIfClosure()
#22 /home/yamojr/devyamo/EE360/backend/vendor/laravel/framework/src/Illuminate/Container/BoundMethod.php(35): Illuminate\\Container\\BoundMethod::callBoundMethod()
#23 /home/yamojr/devyamo/EE360/backend/vendor/laravel/framework/src/Illuminate/Container/Container.php(696): Illuminate\\Container\\BoundMethod::call()
#24 /home/yamojr/devyamo/EE360/backend/vendor/laravel/framework/src/Illuminate/Database/Seeder.php(188): Illuminate\\Container\\Container->call()
#25 /home/yamojr/devyamo/EE360/backend/vendor/laravel/framework/src/Illuminate/Database/Seeder.php(197): Illuminate\\Database\\Seeder->{closure:Illuminate\\Database\\Seeder::__invoke():187}()
#26 /home/yamojr/devyamo/EE360/backend/vendor/laravel/framework/src/Illuminate/Database/Console/Seeds/SeedCommand.php(70): Illuminate\\Database\\Seeder->__invoke()
#27 /home/yamojr/devyamo/EE360/backend/vendor/laravel/framework/src/Illuminate/Database/Eloquent/Concerns/GuardsAttributes.php(155): Illuminate\\Database\\Console\\Seeds\\SeedCommand->{closure:Illuminate\\Database\\Console\\Seeds\\SeedCommand::handle():69}()
#28 /home/yamojr/devyamo/EE360/backend/vendor/laravel/framework/src/Illuminate/Database/Console/Seeds/SeedCommand.php(69): Illuminate\\Database\\Eloquent\\Model::unguarded()
#29 /home/yamojr/devyamo/EE360/backend/vendor/laravel/framework/src/Illuminate/Container/BoundMethod.php(36): Illuminate\\Database\\Console\\Seeds\\SeedCommand->handle()
#30 /home/yamojr/devyamo/EE360/backend/vendor/laravel/framework/src/Illuminate/Container/Util.php(43): Illuminate\\Container\\BoundMethod::{closure:Illuminate\\Container\\BoundMethod::call():35}()
#31 /home/yamojr/devyamo/EE360/backend/vendor/laravel/framework/src/Illuminate/Container/BoundMethod.php(95): Illuminate\\Container\\Util::unwrapIfClosure()
#32 /home/yamojr/devyamo/EE360/backend/vendor/laravel/framework/src/Illuminate/Container/BoundMethod.php(35): Illuminate\\Container\\BoundMethod::callBoundMethod()
#33 /home/yamojr/devyamo/EE360/backend/vendor/laravel/framework/src/Illuminate/Container/Container.php(696): Illuminate\\Container\\BoundMethod::call()
#34 /home/yamojr/devyamo/EE360/backend/vendor/laravel/framework/src/Illuminate/Console/Command.php(213): Illuminate\\Container\\Container->call()
#35 /home/yamojr/devyamo/EE360/backend/vendor/symfony/console/Command/Command.php(341): Illuminate\\Console\\Command->execute()
#36 /home/yamojr/devyamo/EE360/backend/vendor/laravel/framework/src/Illuminate/Console/Command.php(182): Symfony\\Component\\Console\\Command\\Command->run()
#37 /home/yamojr/devyamo/EE360/backend/vendor/symfony/console/Application.php(1117): Illuminate\\Console\\Command->run()
#38 /home/yamojr/devyamo/EE360/backend/vendor/symfony/console/Application.php(356): Symfony\\Component\\Console\\Application->doRunCommand()
#39 /home/yamojr/devyamo/EE360/backend/vendor/symfony/console/Application.php(195): Symfony\\Component\\Console\\Application->doRun()
#40 /home/yamojr/devyamo/EE360/backend/vendor/laravel/framework/src/Illuminate/Foundation/Console/Kernel.php(198): Symfony\\Component\\Console\\Application->run()
#41 /home/yamojr/devyamo/EE360/backend/artisan(15): Illuminate\\Foundation\\Console\\Kernel->handle()
#42 {main}

[previous exception] [object] (PDOException(code: 01000): SQLSTATE[01000]: Warning: 1265 Data truncated for column 'type' at row 1 at /home/yamojr/devyamo/EE360/backend/vendor/laravel/framework/src/Illuminate/Database/MySqlConnection.php:53)
[stacktrace]
#0 /home/yamojr/devyamo/EE360/backend/vendor/laravel/framework/src/Illuminate/Database/MySqlConnection.php(53): PDOStatement->execute()
#1 /home/yamojr/devyamo/EE360/backend/vendor/laravel/framework/src/Illuminate/Database/Connection.php(812): Illuminate\\Database\\MySqlConnection->{closure:Illuminate\\Database\\MySqlConnection::insert():42}()
#2 /home/yamojr/devyamo/EE360/backend/vendor/laravel/framework/src/Illuminate/Database/Connection.php(779): Illuminate\\Database\\Connection->runQueryCallback()
#3 /home/yamojr/devyamo/EE360/backend/vendor/laravel/framework/src/Illuminate/Database/MySqlConnection.php(42): Illuminate\\Database\\Connection->run()
#4 /home/yamojr/devyamo/EE360/backend/vendor/laravel/framework/src/Illuminate/Database/Query/Processors/MySqlProcessor.php(35): Illuminate\\Database\\MySqlConnection->insert()
#5 /home/yamojr/devyamo/EE360/backend/vendor/laravel/framework/src/Illuminate/Database/Query/Builder.php(3766): Illuminate\\Database\\Query\\Processors\\MySqlProcessor->processInsertGetId()
#6 /home/yamojr/devyamo/EE360/backend/vendor/laravel/framework/src/Illuminate/Database/Eloquent/Builder.php(2120): Illuminate\\Database\\Query\\Builder->insertGetId()
#7 /home/yamojr/devyamo/EE360/backend/vendor/laravel/framework/src/Illuminate/Database/Eloquent/Model.php(1359): Illuminate\\Database\\Eloquent\\Builder->__call()
#8 /home/yamojr/devyamo/EE360/backend/vendor/laravel/framework/src/Illuminate/Database/Eloquent/Model.php(1324): Illuminate\\Database\\Eloquent\\Model->insertAndSetId()
#9 /home/yamojr/devyamo/EE360/backend/vendor/laravel/framework/src/Illuminate/Database/Eloquent/Model.php(1163): Illuminate\\Database\\Eloquent\\Model->performInsert()
#10 /home/yamojr/devyamo/EE360/backend/vendor/laravel/framework/src/Illuminate/Database/Eloquent/Builder.php(1128): Illuminate\\Database\\Eloquent\\Model->save()
#11 /home/yamojr/devyamo/EE360/backend/vendor/laravel/framework/src/Illuminate/Support/helpers.php(399): Illuminate\\Database\\Eloquent\\Builder->{closure:Illuminate\\Database\\Eloquent\\Builder::create():1127}()
#12 /home/yamojr/devyamo/EE360/backend/vendor/laravel/framework/src/Illuminate/Database/Eloquent/Builder.php(1127): tap()
#13 /home/yamojr/devyamo/EE360/backend/vendor/laravel/framework/src/Illuminate/Database/Eloquent/Builder.php(634): Illuminate\\Database\\Eloquent\\Builder->create()
#14 /home/yamojr/devyamo/EE360/backend/vendor/laravel/framework/src/Illuminate/Database/Eloquent/Builder.php(1864): Illuminate\\Database\\Eloquent\\Builder->{closure:Illuminate\\Database\\Eloquent\\Builder::createOrFirst():634}()
#15 /home/yamojr/devyamo/EE360/backend/vendor/laravel/framework/src/Illuminate/Database/Eloquent/Builder.php(634): Illuminate\\Database\\Eloquent\\Builder->withSavepointIfNeeded()
#16 /home/yamojr/devyamo/EE360/backend/vendor/laravel/framework/src/Illuminate/Database/Eloquent/Builder.php(621): Illuminate\\Database\\Eloquent\\Builder->createOrFirst()
#17 /home/yamojr/devyamo/EE360/backend/vendor/laravel/framework/src/Illuminate/Support/Traits/ForwardsCalls.php(23): Illuminate\\Database\\Eloquent\\Builder->firstOrCreate()
#18 /home/yamojr/devyamo/EE360/backend/vendor/laravel/framework/src/Illuminate/Database/Eloquent/Model.php(2372): Illuminate\\Database\\Eloquent\\Model->forwardCallTo()
#19 /home/yamojr/devyamo/EE360/backend/vendor/laravel/framework/src/Illuminate/Database/Eloquent/Model.php(2384): Illuminate\\Database\\Eloquent\\Model->__call()
#20 /home/yamojr/devyamo/EE360/backend/database/seeders/AnimalCategoriesTableSeeder.php(29): Illuminate\\Database\\Eloquent\\Model::__callStatic()
#21 /home/yamojr/devyamo/EE360/backend/vendor/laravel/framework/src/Illuminate/Container/BoundMethod.php(36): Database\\Seeders\\AnimalCategoriesTableSeeder->run()
#22 /home/yamojr/devyamo/EE360/backend/vendor/laravel/framework/src/Illuminate/Container/Util.php(43): Illuminate\\Container\\BoundMethod::{closure:Illuminate\\Container\\BoundMethod::call():35}()
#23 /home/yamojr/devyamo/EE360/backend/vendor/laravel/framework/src/Illuminate/Container/BoundMethod.php(95): Illuminate\\Container\\Util::unwrapIfClosure()
#24 /home/yamojr/devyamo/EE360/backend/vendor/laravel/framework/src/Illuminate/Container/BoundMethod.php(35): Illuminate\\Container\\BoundMethod::callBoundMethod()
#25 /home/yamojr/devyamo/EE360/backend/vendor/laravel/framework/src/Illuminate/Container/Container.php(696): Illuminate\\Container\\BoundMethod::call()
#26 /home/yamojr/devyamo/EE360/backend/vendor/laravel/framework/src/Illuminate/Database/Seeder.php(188): Illuminate\\Container\\Container->call()
#27 /home/yamojr/devyamo/EE360/backend/vendor/laravel/framework/src/Illuminate/Database/Seeder.php(197): Illuminate\\Database\\Seeder->{closure:Illuminate\\Database\\Seeder::__invoke():187}()
#28 /home/yamojr/devyamo/EE360/backend/vendor/laravel/framework/src/Illuminate/Database/Console/Seeds/SeedCommand.php(70): Illuminate\\Database\\Seeder->__invoke()
#29 /home/yamojr/devyamo/EE360/backend/vendor/laravel/framework/src/Illuminate/Database/Eloquent/Concerns/GuardsAttributes.php(155): Illuminate\\Database\\Console\\Seeds\\SeedCommand->{closure:Illuminate\\Database\\Console\\Seeds\\SeedCommand::handle():69}()
#30 /home/yamojr/devyamo/EE360/backend/vendor/laravel/framework/src/Illuminate/Database/Console/Seeds/SeedCommand.php(69): Illuminate\\Database\\Eloquent\\Model::unguarded()
#31 /home/yamojr/devyamo/EE360/backend/vendor/laravel/framework/src/Illuminate/Container/BoundMethod.php(36): Illuminate\\Database\\Console\\Seeds\\SeedCommand->handle()
#32 /home/yamojr/devyamo/EE360/backend/vendor/laravel/framework/src/Illuminate/Container/Util.php(43): Illuminate\\Container\\BoundMethod::{closure:Illuminate\\Container\\BoundMethod::call():35}()
#33 /home/yamojr/devyamo/EE360/backend/vendor/laravel/framework/src/Illuminate/Container/BoundMethod.php(95): Illuminate\\Container\\Util::unwrapIfClosure()
#34 /home/yamojr/devyamo/EE360/backend/vendor/laravel/framework/src/Illuminate/Container/BoundMethod.php(35): Illuminate\\Container\\BoundMethod::callBoundMethod()
#35 /home/yamojr/devyamo/EE360/backend/vendor/laravel/framework/src/Illuminate/Container/Container.php(696): Illuminate\\Container\\BoundMethod::call()
#36 /home/yamojr/devyamo/EE360/backend/vendor/laravel/framework/src/Illuminate/Console/Command.php(213): Illuminate\\Container\\Container->call()
#37 /home/yamojr/devyamo/EE360/backend/vendor/symfony/console/Command/Command.php(341): Illuminate\\Console\\Command->execute()
#38 /home/yamojr/devyamo/EE360/backend/vendor/laravel/framework/src/Illuminate/Console/Command.php(182): Symfony\\Component\\Console\\Command\\Command->run()
#39 /home/yamojr/devyamo/EE360/backend/vendor/symfony/console/Application.php(1117): Illuminate\\Console\\Command->run()
#40 /home/yamojr/devyamo/EE360/backend/vendor/symfony/console/Application.php(356): Symfony\\Component\\Console\\Application->doRunCommand()
#41 /home/yamojr/devyamo/EE360/backend/vendor/symfony/console/Application.php(195): Symfony\\Component\\Console\\Application->doRun()
#42 /home/yamojr/devyamo/EE360/backend/vendor/laravel/framework/src/Illuminate/Foundation/Console/Kernel.php(198): Symfony\\Component\\Console\\Application->run()
#43 /home/yamojr/devyamo/EE360/backend/artisan(15): Illuminate\\Foundation\\Console\\Kernel->handle()
#44 {main}
"} 
